Archive member included to satisfy reference by file (symbol)

c:/program files (x86)/gnu arm embedded toolchain/10 2021.10/bin/../lib/gcc/arm-none-eabi/10.3.1/../../../../arm-none-eabi/lib/thumb/v7e-m+dp/hard\libc_nano.a(lib_a-errno.o)
                              CMakeFiles/MIMXRT1064.elf.dir/utilities/fsl_sbrk.c.obj (__errno)
c:/program files (x86)/gnu arm embedded toolchain/10 2021.10/bin/../lib/gcc/arm-none-eabi/10.3.1/../../../../arm-none-eabi/lib/thumb/v7e-m+dp/hard\libc_nano.a(lib_a-exit.o)
                              c:/program files (x86)/gnu arm embedded toolchain/10 2021.10/bin/../lib/gcc/arm-none-eabi/10.3.1/../../../../arm-none-eabi/lib/thumb/v7e-m+dp/hard/crt0.o (exit)
c:/program files (x86)/gnu arm embedded toolchain/10 2021.10/bin/../lib/gcc/arm-none-eabi/10.3.1/../../../../arm-none-eabi/lib/thumb/v7e-m+dp/hard\libc_nano.a(lib_a-impure.o)
                              c:/program files (x86)/gnu arm embedded toolchain/10 2021.10/bin/../lib/gcc/arm-none-eabi/10.3.1/../../../../arm-none-eabi/lib/thumb/v7e-m+dp/hard\libc_nano.a(lib_a-exit.o) (_global_impure_ptr)
c:/program files (x86)/gnu arm embedded toolchain/10 2021.10/bin/../lib/gcc/arm-none-eabi/10.3.1/../../../../arm-none-eabi/lib/thumb/v7e-m+dp/hard\libc_nano.a(lib_a-init.o)
                              c:/program files (x86)/gnu arm embedded toolchain/10 2021.10/bin/../lib/gcc/arm-none-eabi/10.3.1/../../../../arm-none-eabi/lib/thumb/v7e-m+dp/hard/crt0.o (__libc_init_array)
c:/program files (x86)/gnu arm embedded toolchain/10 2021.10/bin/../lib/gcc/arm-none-eabi/10.3.1/../../../../arm-none-eabi/lib/thumb/v7e-m+dp/hard\libc_nano.a(lib_a-malloc.o)
                              CMakeFiles/MIMXRT1064.elf.dir/drivers/fsl_common.c.obj (malloc)
c:/program files (x86)/gnu arm embedded toolchain/10 2021.10/bin/../lib/gcc/arm-none-eabi/10.3.1/../../../../arm-none-eabi/lib/thumb/v7e-m+dp/hard\libc_nano.a(lib_a-memset.o)
                              c:/program files (x86)/gnu arm embedded toolchain/10 2021.10/bin/../lib/gcc/arm-none-eabi/10.3.1/../../../../arm-none-eabi/lib/thumb/v7e-m+dp/hard/crt0.o (memset)
c:/program files (x86)/gnu arm embedded toolchain/10 2021.10/bin/../lib/gcc/arm-none-eabi/10.3.1/../../../../arm-none-eabi/lib/thumb/v7e-m+dp/hard\libc_nano.a(lib_a-nano-freer.o)
                              c:/program files (x86)/gnu arm embedded toolchain/10 2021.10/bin/../lib/gcc/arm-none-eabi/10.3.1/../../../../arm-none-eabi/lib/thumb/v7e-m+dp/hard\libc_nano.a(lib_a-malloc.o) (_free_r)
c:/program files (x86)/gnu arm embedded toolchain/10 2021.10/bin/../lib/gcc/arm-none-eabi/10.3.1/../../../../arm-none-eabi/lib/thumb/v7e-m+dp/hard\libc_nano.a(lib_a-nano-mallocr.o)
                              c:/program files (x86)/gnu arm embedded toolchain/10 2021.10/bin/../lib/gcc/arm-none-eabi/10.3.1/../../../../arm-none-eabi/lib/thumb/v7e-m+dp/hard\libc_nano.a(lib_a-malloc.o) (_malloc_r)
c:/program files (x86)/gnu arm embedded toolchain/10 2021.10/bin/../lib/gcc/arm-none-eabi/10.3.1/../../../../arm-none-eabi/lib/thumb/v7e-m+dp/hard\libc_nano.a(lib_a-sbrkr.o)
                              c:/program files (x86)/gnu arm embedded toolchain/10 2021.10/bin/../lib/gcc/arm-none-eabi/10.3.1/../../../../arm-none-eabi/lib/thumb/v7e-m+dp/hard\libc_nano.a(lib_a-nano-mallocr.o) (_sbrk_r)
c:/program files (x86)/gnu arm embedded toolchain/10 2021.10/bin/../lib/gcc/arm-none-eabi/10.3.1/../../../../arm-none-eabi/lib/thumb/v7e-m+dp/hard\libc_nano.a(lib_a-strlen.o)
                              CMakeFiles/MIMXRT1064.elf.dir/utilities/fsl_str.c.obj (strlen)
c:/program files (x86)/gnu arm embedded toolchain/10 2021.10/bin/../lib/gcc/arm-none-eabi/10.3.1/../../../../arm-none-eabi/lib/thumb/v7e-m+dp/hard\libc_nano.a(lib_a-strtoul.o)
                              CMakeFiles/MIMXRT1064.elf.dir/utilities/fsl_str.c.obj (strtoul)
c:/program files (x86)/gnu arm embedded toolchain/10 2021.10/bin/../lib/gcc/arm-none-eabi/10.3.1/../../../../arm-none-eabi/lib/thumb/v7e-m+dp/hard\libc_nano.a(lib_a-ctype_.o)
                              c:/program files (x86)/gnu arm embedded toolchain/10 2021.10/bin/../lib/gcc/arm-none-eabi/10.3.1/../../../../arm-none-eabi/lib/thumb/v7e-m+dp/hard\libc_nano.a(lib_a-strtoul.o) (_ctype_)
c:/program files (x86)/gnu arm embedded toolchain/10 2021.10/bin/../lib/gcc/arm-none-eabi/10.3.1/../../../../arm-none-eabi/lib/thumb/v7e-m+dp/hard\libc_nano.a(lib_a-mlock.o)
                              c:/program files (x86)/gnu arm embedded toolchain/10 2021.10/bin/../lib/gcc/arm-none-eabi/10.3.1/../../../../arm-none-eabi/lib/thumb/v7e-m+dp/hard\libc_nano.a(lib_a-nano-freer.o) (__malloc_lock)
c:/program files (x86)/gnu arm embedded toolchain/10 2021.10/bin/../lib/gcc/arm-none-eabi/10.3.1/../../../../arm-none-eabi/lib/thumb/v7e-m+dp/hard\libc_nano.a(lib_a-reent.o)
[...]
Memory Configuration

Name             Origin             Length             Attributes
m_interrupts     0x00000000         0x00000400         xr
m_text           0x00000400         0x0001fc00         xr
m_data           0x20000000         0x00020000         rw
m_data2          0x20200000         0x000c0000         rw
*default*        0x00000000         0xffffffff

Linker script and memory map

LOAD c:/program files (x86)/gnu arm embedded toolchain/10 2021.10/bin/../lib/gcc/arm-none-eabi/10.3.1/thumb/v7e-m+dp/hard/crti.o
LOAD c:/program files (x86)/gnu arm embedded toolchain/10 2021.10/bin/../lib/gcc/arm-none-eabi/10.3.1/thumb/v7e-m+dp/hard/crtbegin.o
LOAD c:/program files (x86)/gnu arm embedded toolchain/10 2021.10/bin/../lib/gcc/arm-none-eabi/10.3.1/../../../../arm-none-eabi/lib/thumb/v7e-m+dp/hard/crt0.o
LOAD CMakeFiles/MIMXRT1064.elf.dir/board/board.c.obj
LOAD CMakeFiles/MIMXRT1064.elf.dir/board/clock_config.c.obj
LOAD CMakeFiles/MIMXRT1064.elf.dir/board/dcd.c.obj
LOAD CMakeFiles/MIMXRT1064.elf.dir/board/pin_mux.c.obj
LOAD CMakeFiles/MIMXRT1064.elf.dir/source/led_blinky.c.obj
LOAD CMakeFiles/MIMXRT1064.elf.dir/component/lists/fsl_component_generic_list.c.obj
LOAD CMakeFiles/MIMXRT1064.elf.dir/component/uart/fsl_adapter_lpuart.c.obj
LOAD CMakeFiles/MIMXRT1064.elf.dir/component/serial_manager/fsl_component_serial_manager.c.obj
LOAD CMakeFiles/MIMXRT1064.elf.dir/component/serial_manager/fsl_component_serial_port_uart.c.obj
LOAD CMakeFiles/MIMXRT1064.elf.dir/startup/startup_MIMXRT1064.S.obj
LOAD CMakeFiles/MIMXRT1064.elf.dir/device/system_MIMXRT1064.c.obj
LOAD CMakeFiles/MIMXRT1064.elf.dir/drivers/fsl_clock.c.obj
LOAD CMakeFiles/MIMXRT1064.elf.dir/drivers/fsl_common.c.obj
LOAD CMakeFiles/MIMXRT1064.elf.dir/drivers/fsl_common_arm.c.obj
LOAD CMakeFiles/MIMXRT1064.elf.dir/drivers/fsl_gpio.c.obj
LOAD CMakeFiles/MIMXRT1064.elf.dir/drivers/fsl_lpuart.c.obj
LOAD CMakeFiles/MIMXRT1064.elf.dir/xip/evkmimxrt1064_flexspi_nor_config.c.obj
LOAD CMakeFiles/MIMXRT1064.elf.dir/xip/fsl_flexspi_nor_boot.c.obj
LOAD CMakeFiles/MIMXRT1064.elf.dir/utilities/fsl_sbrk.c.obj
LOAD CMakeFiles/MIMXRT1064.elf.dir/utilities/fsl_syscall_stub.c.obj
LOAD CMakeFiles/MIMXRT1064.elf.dir/utilities/fsl_memcpy.S.obj
LOAD CMakeFiles/MIMXRT1064.elf.dir/utilities/fsl_assert.c.obj
LOAD CMakeFiles/MIMXRT1064.elf.dir/utilities/fsl_str.c.obj
LOAD CMakeFiles/MIMXRT1064.elf.dir/utilities/fsl_debug_console.c.obj
START GROUP
LOAD c:/program files (x86)/gnu arm embedded toolchain/10 2021.10/bin/../lib/gcc/arm-none-eabi/10.3.1/../../../../arm-none-eabi/lib/thumb/v7e-m+dp/hard\libm.a
LOAD c:/program files (x86)/gnu arm embedded toolchain/10 2021.10/bin/../lib/gcc/arm-none-eabi/10.3.1/../../../../arm-none-eabi/lib/thumb/v7e-m+dp/hard\libc_nano.a
LOAD c:/program files (x86)/gnu arm embedded toolchain/10 2021.10/bin/../lib/gcc/arm-none-eabi/10.3.1/thumb/v7e-m+dp/hard\libgcc.a
LOAD c:/program files (x86)/gnu arm embedded toolchain/10 2021.10/bin/../lib/gcc/arm-none-eabi/10.3.1/../../../../arm-none-eabi/lib/thumb/v7e-m+dp/hard\libnosys.a
END GROUP
START GROUP
LOAD c:/program files (x86)/gnu arm embedded toolchain/10 2021.10/bin/../lib/gcc/arm-none-eabi/10.3.1/thumb/v7e-m+dp/hard\libgcc.a
LOAD c:/program files (x86)/gnu arm embedded toolchain/10 2021.10/bin/../lib/gcc/arm-none-eabi/10.3.1/../../../../arm-none-eabi/lib/thumb/v7e-m+dp/hard\libg_nano.a
LOAD c:/program files (x86)/gnu arm embedded toolchain/10 2021.10/bin/../lib/gcc/arm-none-eabi/10.3.1/../../../../arm-none-eabi/lib/thumb/v7e-m+dp/hard\libc_nano.a
END GROUP
START GROUP
LOAD c:/program files (x86)/gnu arm embedded toolchain/10 2021.10/bin/../lib/gcc/arm-none-eabi/10.3.1/thumb/v7e-m+dp/hard\libgcc.a
LOAD c:/program files (x86)/gnu arm embedded toolchain/10 2021.10/bin/../lib/gcc/arm-none-eabi/10.3.1/../../../../arm-none-eabi/lib/thumb/v7e-m+dp/hard\libc_nano.a
LOAD c:/program files (x86)/gnu arm embedded toolchain/10 2021.10/bin/../lib/gcc/arm-none-eabi/10.3.1/../../../../arm-none-eabi/lib/thumb/v7e-m+dp/hard\libnosys.a
END GROUP
START GROUP
LOAD c:/program files (x86)/gnu arm embedded toolchain/10 2021.10/bin/../lib/gcc/arm-none-eabi/10.3.1/thumb/v7e-m+dp/hard\libgcc.a
LOAD c:/program files (x86)/gnu arm embedded toolchain/10 2021.10/bin/../lib/gcc/arm-none-eabi/10.3.1/../../../../arm-none-eabi/lib/thumb/v7e-m+dp/hard\libc_nano.a
LOAD c:/program files (x86)/gnu arm embedded toolchain/10 2021.10/bin/../lib/gcc/arm-none-eabi/10.3.1/../../../../arm-none-eabi/lib/thumb/v7e-m+dp/hard\libnosys.a
END GROUP
LOAD c:/program files (x86)/gnu arm embedded toolchain/10 2021.10/bin/../lib/gcc/arm-none-eabi/10.3.1/thumb/v7e-m+dp/hard/crtend.o
LOAD c:/program files (x86)/gnu arm embedded toolchain/10 2021.10/bin/../lib/gcc/arm-none-eabi/10.3.1/thumb/v7e-m+dp/hard/crtn.o
                0x00000400                HEAP_SIZE = DEFINED (__heap_size__)?__heap_size__:0x400
                0x00000400                STACK_SIZE = DEFINED (__stack_size__)?__stack_size__:0x400
                0x20200000                __NCACHE_REGION_START = ORIGIN (m_data2)
                0x00000000                __NCACHE_REGION_SIZE = 0x0

.interrupts     0x00000000      0x400
                0x00000000                __VECTOR_TABLE = .
                0x00000000                __Vectors = .
                0x00000000                . = ALIGN (0x4)
 *(.isr_vector)
 .isr_vector    0x00000000      0x400 CMakeFiles/MIMXRT1064.elf.dir/startup/startup_MIMXRT1064.S.obj
                0x00000000                __isr_vector
                0x00000400                . = ALIGN (0x4)

.text           0x00000400     0x34bc
                0x00000400                . = ALIGN (0x4)
 *(.text)
 .text          0x00000400       0x40 c:/program files (x86)/gnu arm embedded toolchain/10 2021.10/bin/../lib/gcc/arm-none-eabi/10.3.1/thumb/v7e-m+dp/hard/crtbegin.o
 .text          0x00000440       0x7c c:/program files (x86)/gnu arm embedded toolchain/10 2021.10/bin/../lib/gcc/arm-none-eabi/10.3.1/../../../../arm-none-eabi/lib/thumb/v7e-m+dp/hard/crt0.o
                0x00000440                _stack_init
                0x00000448                _start
                0x00000448                _mainCRTStartup
 .text          0x000004bc      0x258 CMakeFiles/MIMXRT1064.elf.dir/startup/startup_MIMXRT1064.S.obj
                0x000004bc                Reset_Handler
                0x00000548                PWM1_3_IRQHandler
                0x00000548                FLEXSPI2_DriverIRQHandler
                0x00000548                LPSPI2_DriverIRQHandler
                0x00000548                SJC_IRQHandler
                0x00000548                ADC_ETC_IRQ0_IRQHandler
                0x00000548                DebugMon_Handler
                0x00000548                SAI3_RX_DriverIRQHandler
                0x00000548                PXP_IRQHandler
                0x00000548                DMA13_DMA29_DriverIRQHandler
                0x00000548                CTI1_ERROR_IRQHandler
                0x00000548                Reserved86_IRQHandler
                0x00000548                SRC_IRQHandler
                0x00000548                LPSPI4_DriverIRQHandler
                0x00000548                PWM3_FAULT_IRQHandler
                0x00000548                GPIO2_Combined_0_15_IRQHandler
                0x00000548                SPDIF_DriverIRQHandler
                0x00000548                GPIO1_INT2_IRQHandler
                0x00000548                CSI_IRQHandler
                0x00000548                ENET2_DriverIRQHandler
                0x00000548                SNVS_LP_WRAPPER_IRQHandler
                0x00000548                ENC2_IRQHandler
                0x00000548                PWM2_2_IRQHandler
                0x00000548                LCDIF_IRQHandler
                0x00000548                TRNG_IRQHandler
                0x00000548                PWM4_FAULT_IRQHandler
                0x00000548                TMR1_IRQHandler
                0x00000548                GPIO1_INT7_IRQHandler
                0x00000548                CCM_1_IRQHandler
                0x00000548                CAN1_DriverIRQHandler
                0x00000548                CAN3_DriverIRQHandler
                0x00000548                ADC_ETC_IRQ1_IRQHandler
                0x00000548                PWM4_0_IRQHandler
                0x00000548                DMA_ERROR_DriverIRQHandler
                0x00000548                LPI2C2_DriverIRQHandler
                0x00000548                ENC4_IRQHandler
                0x00000548                DMA7_DMA23_DriverIRQHandler
                0x00000548                CTI0_ERROR_IRQHandler
                0x00000548                GPIO5_Combined_0_15_IRQHandler
                0x00000548                PWM1_0_IRQHandler
                0x00000548                Reserved68_IRQHandler
                0x00000548                LPI2C3_DriverIRQHandler
                0x00000548                LPSPI3_DriverIRQHandler
                0x00000548                USB_PHY2_IRQHandler
                0x00000548                GPIO4_Combined_16_31_IRQHandler
                0x00000548                TSC_DIG_IRQHandler
                0x00000548                DMA15_DMA31_DriverIRQHandler
                0x00000548                GPIO4_Combined_0_15_IRQHandler
                0x00000548                BusFault_Handler
                0x00000548                ACMP1_IRQHandler
                0x00000548                PWM2_0_IRQHandler
                0x00000548                DCP_VMI_IRQHandler
                0x00000548                DMA5_DMA21_DriverIRQHandler
                0x00000548                DMA14_DMA30_DriverIRQHandler
                0x00000548                FLEXRAM_IRQHandler
                0x00000548                ENET_1588_Timer_DriverIRQHandler
                0x00000548                GPT2_IRQHandler
                0x00000548                PWM2_1_IRQHandler
                0x00000548                ACMP2_IRQHandler
                0x00000548                PWM2_FAULT_IRQHandler
                0x00000548                FLEXIO2_DriverIRQHandler
                0x00000548                GPIO10_IRQHandler
                0x00000548                UsageFault_Handler
                0x00000548                WDOG1_IRQHandler
                0x00000548                FLEXIO3_DriverIRQHandler
                0x00000548                PMU_EVENT_IRQHandler
                0x00000548                GPT1_IRQHandler
                0x00000548                SAI3_TX_DriverIRQHandler
                0x00000548                PWM4_1_IRQHandler
                0x00000548                USB_OTG2_IRQHandler
                0x00000548                ACMP4_IRQHandler
                0x00000548                SEMC_IRQHandler
                0x00000548                DMA0_DMA16_DriverIRQHandler
                0x00000548                DefaultISR
                0x00000548                PWM1_1_IRQHandler
                0x00000548                SNVS_HP_WRAPPER_TZ_IRQHandler
                0x00000548                DMA2_DMA18_DriverIRQHandler
                0x00000548                PWM3_0_IRQHandler
                0x00000548                USDHC1_DriverIRQHandler
                0x00000548                PWM3_3_IRQHandler
                0x00000548                GPIO1_INT0_IRQHandler
                0x00000548                XBAR1_IRQ_0_1_IRQHandler
                0x00000548                CSU_IRQHandler
                0x00000548                TMR3_IRQHandler
                0x00000548                ADC1_IRQHandler
                0x00000548                FLEXIO1_DriverIRQHandler
                0x00000548                ENET_DriverIRQHandler
                0x00000548                LPI2C4_DriverIRQHandler
                0x00000548                GPIO1_Combined_16_31_IRQHandler
                0x00000548                GPIO2_Combined_16_31_IRQHandler
                0x00000548                RTWDOG_IRQHandler
                0x00000548                USB_PHY1_IRQHandler
                0x00000548                Reserved78_IRQHandler
                0x00000548                SAI1_DriverIRQHandler
                0x00000548                DMA12_DMA28_DriverIRQHandler
                0x00000548                ENC3_IRQHandler
                0x00000548                GPIO3_Combined_16_31_IRQHandler
                0x00000548                EWM_IRQHandler
                0x00000548                TEMP_LOW_HIGH_IRQHandler
                0x00000548                WDOG2_IRQHandler
                0x00000548                GPIO1_INT5_IRQHandler
                0x00000548                FLEXSPI_DriverIRQHandler
                0x00000548                GPIO6_7_8_9_IRQHandler
                0x00000548                PWM3_1_IRQHandler
                0x00000548                PWM2_3_IRQHandler
                0x00000548                Reserved143_IRQHandler
                0x00000548                CORE_IRQHandler
                0x00000548                PWM1_FAULT_IRQHandler
                0x00000548                ENC1_IRQHandler
                0x00000548                DMA10_DMA26_DriverIRQHandler
                0x00000548                TEMP_PANIC_IRQHandler
                0x00000548                GPIO1_INT6_IRQHandler
                0x00000548                PWM1_2_IRQHandler
                0x00000548                Reserved144_IRQHandler
                0x00000548                GPR_IRQ_IRQHandler
                0x00000548                GPC_IRQHandler
                0x00000548                DCDC_IRQHandler
                0x00000548                GPIO3_Combined_0_15_IRQHandler
                0x00000548                PWM4_3_IRQHandler
                0x00000548                ACMP3_IRQHandler
                0x00000548                DMA1_DMA17_DriverIRQHandler
                0x00000548                USB_OTG1_IRQHandler
                0x00000548                CAN2_DriverIRQHandler
                0x00000548                TMR4_IRQHandler
                0x00000548                GPIO5_Combined_16_31_IRQHandler
                0x00000548                TMR2_IRQHandler
                0x00000548                ADC_ETC_ERROR_IRQ_IRQHandler
                0x00000548                DMA8_DMA24_DriverIRQHandler
                0x00000548                PWM4_2_IRQHandler
                0x00000548                DMA6_DMA22_DriverIRQHandler
                0x00000548                BEE_IRQHandler
                0x00000548                GPIO1_INT1_IRQHandler
                0x00000548                DMA3_DMA19_DriverIRQHandler
                0x00000548                ADC_ETC_IRQ2_IRQHandler
                0x00000548                GPIO1_INT4_IRQHandler
                0x00000548                CCM_2_IRQHandler
                0x00000548                KPP_IRQHandler
                0x00000548                LPSPI1_DriverIRQHandler
                0x00000548                ADC2_IRQHandler
                0x00000548                USDHC2_DriverIRQHandler
                0x00000548                MemManage_Handler
                0x00000548                SAI2_DriverIRQHandler
                0x00000548                GPIO1_Combined_0_15_IRQHandler
                0x00000548                PIT_IRQHandler
                0x00000548                Reserved115_IRQHandler
                0x00000548                SNVS_HP_WRAPPER_IRQHandler
                0x00000548                DMA9_DMA25_DriverIRQHandler
                0x00000548                DMA11_DMA27_DriverIRQHandler
                0x00000548                GPIO1_INT3_IRQHandler
                0x00000548                XBAR1_IRQ_2_3_IRQHandler
                0x00000548                PWM3_2_IRQHandler
                0x00000548                DMA4_DMA20_DriverIRQHandler
                0x00000548                LPI2C1_DriverIRQHandler
                0x00000548                DCP_IRQHandler
                0x00000548                ENET2_1588_Timer_DriverIRQHandler
                0x00000548                Reserved171_IRQHandler
                0x0000054c                NMI_Handler
                0x00000550                HardFault_Handler
                0x00000554                SVC_Handler
                0x00000558                PendSV_Handler
                0x00000560                DMA0_DMA16_IRQHandler
                0x00000564                DMA1_DMA17_IRQHandler
                0x00000568                DMA2_DMA18_IRQHandler
                0x0000056c                DMA3_DMA19_IRQHandler
                0x00000570                DMA4_DMA20_IRQHandler
                0x00000574                DMA5_DMA21_IRQHandler
                0x00000578                DMA6_DMA22_IRQHandler
                0x0000057c                DMA7_DMA23_IRQHandler
                0x00000580                DMA8_DMA24_IRQHandler
                0x00000584                DMA9_DMA25_IRQHandler
                0x00000588                DMA10_DMA26_IRQHandler
                0x0000058c                DMA11_DMA27_IRQHandler
                0x00000590                DMA12_DMA28_IRQHandler
                0x00000594                DMA13_DMA29_IRQHandler
                0x00000598                DMA14_DMA30_IRQHandler
                0x0000059c                DMA15_DMA31_IRQHandler
                0x000005a0                DMA_ERROR_IRQHandler
                0x000005a4                LPUART1_IRQHandler
                0x000005a8                LPUART2_IRQHandler
                0x000005ac                LPUART3_IRQHandler
                0x000005b0                LPUART4_IRQHandler
                0x000005b4                LPUART5_IRQHandler
                0x000005b8                LPUART6_IRQHandler
                0x000005bc                LPUART7_IRQHandler
                0x000005c0                LPUART8_IRQHandler
                0x000005c4                LPI2C1_IRQHandler
                0x000005c8                LPI2C2_IRQHandler
                0x000005cc                LPI2C3_IRQHandler
                0x000005d0                LPI2C4_IRQHandler
                0x000005d4                LPSPI1_IRQHandler
                0x000005d8                LPSPI2_IRQHandler
                0x000005dc                LPSPI3_IRQHandler
                0x000005e0                LPSPI4_IRQHandler
                0x000005e4                CAN1_IRQHandler
                0x000005e8                CAN2_IRQHandler
                0x000005ec                SAI1_IRQHandler
                0x000005f0                SAI2_IRQHandler
                0x000005f4                SAI3_RX_IRQHandler
                0x000005f8                SAI3_TX_IRQHandler
                0x000005fc                SPDIF_IRQHandler
                0x00000600                FLEXIO1_IRQHandler
                0x00000604                FLEXIO2_IRQHandler
                0x00000608                FLEXSPI2_IRQHandler
                0x0000060c                FLEXSPI_IRQHandler
                0x00000610                USDHC1_IRQHandler
                0x00000614                USDHC2_IRQHandler
                0x00000618                ENET_IRQHandler
                0x0000061c                ENET_1588_Timer_IRQHandler
                0x00000620                ENET2_IRQHandler
                0x00000624                ENET2_1588_Timer_IRQHandler
                0x00000628                CAN3_IRQHandler
                0x0000062c                FLEXIO3_IRQHandler
 .text          0x00000714       0xa0 CMakeFiles/MIMXRT1064.elf.dir/utilities/fsl_memcpy.S.obj
                0x00000714                memcpy
 .text          0x000007b4       0x10 c:/program files (x86)/gnu arm embedded toolchain/10 2021.10/bin/../lib/gcc/arm-none-eabi/10.3.1/../../../../arm-none-eabi/lib/thumb/v7e-m+dp/hard\libc_nano.a(lib_a-strlen.o)
                0x000007b4                strlen
 .text          0x000007c4       0x30 c:/program files (x86)/gnu arm embedded toolchain/10 2021.10/bin/../lib/gcc/arm-none-eabi/10.3.1/thumb/v7e-m+dp/hard\libgcc.a(_aeabi_uldivmod.o)
                0x000007c4                __aeabi_uldivmod
 .text          0x000007f4      0x2d0 c:/program files (x86)/gnu arm embedded toolchain/10 2021.10/bin/../lib/gcc/arm-none-eabi/10.3.1/thumb/v7e-m+dp/hard\libgcc.a(_udivmoddi4.o)
                0x000007f4                __udivmoddi4
 .text          0x00000ac4        0x4 c:/program files (x86)/gnu arm embedded toolchain/10 2021.10/bin/../lib/gcc/arm-none-eabi/10.3.1/thumb/v7e-m+dp/hard\libgcc.a(_dvmd_tls.o)
                0x00000ac4                __aeabi_idiv0
                0x00000ac4                __aeabi_ldiv0
 *(.text*)
 .text.ARM_MPU_Enable
                0x00000ac8       0x44 CMakeFiles/MIMXRT1064.elf.dir/board/board.c.obj
 .text.ARM_MPU_Disable
                0x00000b0c       0x40 CMakeFiles/MIMXRT1064.elf.dir/board/board.c.obj
 .text.BOARD_ConfigMPU
                0x00000b4c      0x350 CMakeFiles/MIMXRT1064.elf.dir/board/board.c.obj
                0x00000b4c                BOARD_ConfigMPU
 .text._SDK_AtomicLocalClearAndSet4Byte
                0x00000e9c       0x50 CMakeFiles/MIMXRT1064.elf.dir/board/clock_config.c.obj
 .text.CLOCK_SetMux
                0x00000eec       0xac CMakeFiles/MIMXRT1064.elf.dir/board/clock_config.c.obj
 .text.CLOCK_SetDiv
                0x00000f98       0xac CMakeFiles/MIMXRT1064.elf.dir/board/clock_config.c.obj
 .text.CLOCK_ControlGate
                0x00001044       0x70 CMakeFiles/MIMXRT1064.elf.dir/board/clock_config.c.obj
 .text.CLOCK_DisableClock
                0x000010b4       0x1e CMakeFiles/MIMXRT1064.elf.dir/board/clock_config.c.obj
 *fill*         0x000010d2        0x2 
 .text.CLOCK_SetXtalFreq
                0x000010d4       0x20 CMakeFiles/MIMXRT1064.elf.dir/board/clock_config.c.obj
 .text.CLOCK_SetRtcXtalFreq
                0x000010f4       0x20 CMakeFiles/MIMXRT1064.elf.dir/board/clock_config.c.obj
 .text.CLOCK_SetPllBypass
                0x00001114       0x4e CMakeFiles/MIMXRT1064.elf.dir/board/clock_config.c.obj
 .text.IOMUXC_SetSaiMClkClockSource
                0x00001162       0x6c CMakeFiles/MIMXRT1064.elf.dir/board/clock_config.c.obj
 *fill*         0x000011ce        0x2 
 .text.IOMUXC_MQSConfig
                0x000011d0       0x44 CMakeFiles/MIMXRT1064.elf.dir/board/clock_config.c.obj
 .text.BOARD_InitBootClocks
                0x00001214        0xc CMakeFiles/MIMXRT1064.elf.dir/board/clock_config.c.obj
                0x00001214                BOARD_InitBootClocks
 .text.BOARD_BootClockRUN
                0x00001220      0x724 CMakeFiles/MIMXRT1064.elf.dir/board/clock_config.c.obj
                0x00001220                BOARD_BootClockRUN
 .text._SDK_AtomicLocalClearAndSet4Byte
                0x00001944       0x50 CMakeFiles/MIMXRT1064.elf.dir/board/pin_mux.c.obj
 .text.CLOCK_ControlGate
                0x00001994       0x70 CMakeFiles/MIMXRT1064.elf.dir/board/pin_mux.c.obj
 .text.CLOCK_EnableClock
                0x00001a04       0x1e CMakeFiles/MIMXRT1064.elf.dir/board/pin_mux.c.obj
 .text.IOMUXC_SetPinMux
                0x00001a22       0x3a CMakeFiles/MIMXRT1064.elf.dir/board/pin_mux.c.obj
 .text.IOMUXC_SetPinConfig
                0x00001a5c       0x26 CMakeFiles/MIMXRT1064.elf.dir/board/pin_mux.c.obj
 .text.BOARD_InitBootPins
                0x00001a82        0xc CMakeFiles/MIMXRT1064.elf.dir/board/pin_mux.c.obj
                0x00001a82                BOARD_InitBootPins
 *fill*         0x00001a8e        0x2 
 .text.BOARD_InitPins
                0x00001a90       0xa8 CMakeFiles/MIMXRT1064.elf.dir/board/pin_mux.c.obj
                0x00001a90                BOARD_InitPins
 .text.__NVIC_SetPriority
                0x00001b38       0x54 CMakeFiles/MIMXRT1064.elf.dir/source/led_blinky.c.obj
 .text.SysTick_Config
                0x00001b8c       0x44 CMakeFiles/MIMXRT1064.elf.dir/source/led_blinky.c.obj
 .text.SysTick_Handler
                0x00001bd0       0x24 CMakeFiles/MIMXRT1064.elf.dir/source/led_blinky.c.obj
                0x00001bd0                SysTick_Handler
 .text.SysTick_DelayTicks
                0x00001bf4       0x2c CMakeFiles/MIMXRT1064.elf.dir/source/led_blinky.c.obj
                0x00001bf4                SysTick_DelayTicks
 .text.main     0x00001c20       0x74 CMakeFiles/MIMXRT1064.elf.dir/source/led_blinky.c.obj
                0x00001c20                main
 .text.HAL_UartSendBlocking
                0x00001c94       0x84 CMakeFiles/MIMXRT1064.elf.dir/component/uart/fsl_adapter_lpuart.c.obj
                0x00001c94                HAL_UartSendBlocking
 .text.SerialManager_StartWriting
                0x00001d18       0x38 CMakeFiles/MIMXRT1064.elf.dir/component/serial_manager/fsl_component_serial_manager.c.obj
 .text.SerialManager_Write
                0x00001d50       0x44 CMakeFiles/MIMXRT1064.elf.dir/component/serial_manager/fsl_component_serial_manager.c.obj
 .text.SerialManager_WriteBlocking
                0x00001d94       0x20 CMakeFiles/MIMXRT1064.elf.dir/component/serial_manager/fsl_component_serial_manager.c.obj
                0x00001d94                SerialManager_WriteBlocking
 .text.Serial_UartWrite
                0x00001db4       0x38 CMakeFiles/MIMXRT1064.elf.dir/component/serial_manager/fsl_component_serial_port_uart.c.obj
                0x00001db4                Serial_UartWrite
 .text.SystemInit
                0x00001dec      0x138 CMakeFiles/MIMXRT1064.elf.dir/device/system_MIMXRT1064.c.obj
                0x00001dec                SystemInit
 .text.SystemCoreClockUpdate
                0x00001f24      0x214 CMakeFiles/MIMXRT1064.elf.dir/device/system_MIMXRT1064.c.obj
                0x00001f24                SystemCoreClockUpdate
 .text.SystemInitHook
                0x00002138        0xe CMakeFiles/MIMXRT1064.elf.dir/device/system_MIMXRT1064.c.obj
                0x00002138                SystemInitHook
 *fill*         0x00002146        0x2 
 .text.CLOCK_InitExternalClk
                0x00002148       0x78 CMakeFiles/MIMXRT1064.elf.dir/drivers/fsl_clock.c.obj
                0x00002148                CLOCK_InitExternalClk
 .text.CLOCK_SwitchOsc
                0x000021c0       0x34 CMakeFiles/MIMXRT1064.elf.dir/drivers/fsl_clock.c.obj
                0x000021c0                CLOCK_SwitchOsc
 .text.CLOCK_InitRcOsc24M
                0x000021f4       0x24 CMakeFiles/MIMXRT1064.elf.dir/drivers/fsl_clock.c.obj
                0x000021f4                CLOCK_InitRcOsc24M
 .text.CLOCK_InitArmPll
                0x00002218       0x68 CMakeFiles/MIMXRT1064.elf.dir/drivers/fsl_clock.c.obj
                0x00002218                CLOCK_InitArmPll
 .text.CLOCK_InitSysPll
                0x00002280       0x9c CMakeFiles/MIMXRT1064.elf.dir/drivers/fsl_clock.c.obj
                0x00002280                CLOCK_InitSysPll
 .text.CLOCK_InitUsb1Pll
                0x0000231c       0x68 CMakeFiles/MIMXRT1064.elf.dir/drivers/fsl_clock.c.obj
                0x0000231c                CLOCK_InitUsb1Pll
 .text.CLOCK_DeinitUsb2Pll
                0x00002384       0x18 CMakeFiles/MIMXRT1064.elf.dir/drivers/fsl_clock.c.obj
                0x00002384                CLOCK_DeinitUsb2Pll
 .text.CLOCK_DeinitAudioPll
                0x0000239c       0x1c CMakeFiles/MIMXRT1064.elf.dir/drivers/fsl_clock.c.obj
                0x0000239c                CLOCK_DeinitAudioPll
 .text.CLOCK_DeinitEnetPll
                0x000023b8       0x1c CMakeFiles/MIMXRT1064.elf.dir/drivers/fsl_clock.c.obj
                0x000023b8                CLOCK_DeinitEnetPll
 .text.CLOCK_InitSysPfd
                0x000023d4       0x64 CMakeFiles/MIMXRT1064.elf.dir/drivers/fsl_clock.c.obj
                0x000023d4                CLOCK_InitSysPfd
 .text.CLOCK_InitUsb1Pfd
                0x00002438       0x64 CMakeFiles/MIMXRT1064.elf.dir/drivers/fsl_clock.c.obj
                0x00002438                CLOCK_InitUsb1Pfd
 .text._SDK_AtomicLocalClearAndSet4Byte
                0x0000249c       0x50 CMakeFiles/MIMXRT1064.elf.dir/drivers/fsl_gpio.c.obj
 .text.CLOCK_ControlGate
                0x000024ec       0x70 CMakeFiles/MIMXRT1064.elf.dir/drivers/fsl_gpio.c.obj
 .text.CLOCK_EnableClock
                0x0000255c       0x1e CMakeFiles/MIMXRT1064.elf.dir/drivers/fsl_gpio.c.obj
 .text.GPIO_SetPinInterruptConfig
                0x0000257a       0x22 CMakeFiles/MIMXRT1064.elf.dir/drivers/fsl_gpio.c.obj
 .text.GPIO_GetInstance
                0x0000259c       0x58 CMakeFiles/MIMXRT1064.elf.dir/drivers/fsl_gpio.c.obj
 .text.GPIO_PinInit
                0x000025f4       0xa4 CMakeFiles/MIMXRT1064.elf.dir/drivers/fsl_gpio.c.obj
                0x000025f4                GPIO_PinInit
 .text.GPIO_PinWrite
                0x00002698       0x54 CMakeFiles/MIMXRT1064.elf.dir/drivers/fsl_gpio.c.obj
                0x00002698                GPIO_PinWrite
 .text.GPIO_PinSetInterruptConfig
                0x000026ec       0xfc CMakeFiles/MIMXRT1064.elf.dir/drivers/fsl_gpio.c.obj
                0x000026ec                GPIO_PinSetInterruptConfig
 .text.LPUART_WriteBlocking
                0x000027e8       0x78 CMakeFiles/MIMXRT1064.elf.dir/drivers/fsl_lpuart.c.obj
                0x000027e8                LPUART_WriteBlocking
 .text.LPUART1_DriverIRQHandler
                0x00002860       0x28 CMakeFiles/MIMXRT1064.elf.dir/drivers/fsl_lpuart.c.obj
                0x00002860                LPUART1_DriverIRQHandler
 .text.LPUART2_DriverIRQHandler
                0x00002888       0x28 CMakeFiles/MIMXRT1064.elf.dir/drivers/fsl_lpuart.c.obj
                0x00002888                LPUART2_DriverIRQHandler
 .text.LPUART3_DriverIRQHandler
                0x000028b0       0x28 CMakeFiles/MIMXRT1064.elf.dir/drivers/fsl_lpuart.c.obj
                0x000028b0                LPUART3_DriverIRQHandler
 .text.LPUART4_DriverIRQHandler
                0x000028d8       0x28 CMakeFiles/MIMXRT1064.elf.dir/drivers/fsl_lpuart.c.obj
                0x000028d8                LPUART4_DriverIRQHandler
 .text.LPUART5_DriverIRQHandler
                0x00002900       0x28 CMakeFiles/MIMXRT1064.elf.dir/drivers/fsl_lpuart.c.obj
                0x00002900                LPUART5_DriverIRQHandler
 .text.LPUART6_DriverIRQHandler
                0x00002928       0x28 CMakeFiles/MIMXRT1064.elf.dir/drivers/fsl_lpuart.c.obj
                0x00002928                LPUART6_DriverIRQHandler
 .text.LPUART7_DriverIRQHandler
                0x00002950       0x28 CMakeFiles/MIMXRT1064.elf.dir/drivers/fsl_lpuart.c.obj
                0x00002950                LPUART7_DriverIRQHandler
 .text.LPUART8_DriverIRQHandler
                0x00002978       0x28 CMakeFiles/MIMXRT1064.elf.dir/drivers/fsl_lpuart.c.obj
                0x00002978                LPUART8_DriverIRQHandler
 .text.__assert_func
                0x000029a0       0x28 CMakeFiles/MIMXRT1064.elf.dir/utilities/fsl_assert.c.obj
                0x000029a0                __assert_func
 .text.PrintGetWidth
                0x000029c8       0x6a CMakeFiles/MIMXRT1064.elf.dir/utilities/fsl_str.c.obj
 .text.PrintGetPrecision
                0x00002a32       0x8c CMakeFiles/MIMXRT1064.elf.dir/utilities/fsl_str.c.obj
 .text.PrintIsobpu
                0x00002abe       0x38 CMakeFiles/MIMXRT1064.elf.dir/utilities/fsl_str.c.obj
 .text.PrintIsdi
                0x00002af6       0x2c CMakeFiles/MIMXRT1064.elf.dir/utilities/fsl_str.c.obj
 .text.PrintOutputdifFobpu
                0x00002b22       0x44 CMakeFiles/MIMXRT1064.elf.dir/utilities/fsl_str.c.obj
 .text.PrintOutputxX
                0x00002b66       0x44 CMakeFiles/MIMXRT1064.elf.dir/utilities/fsl_str.c.obj
 .text.PrintIsfF
                0x00002baa       0x2c CMakeFiles/MIMXRT1064.elf.dir/utilities/fsl_str.c.obj
 .text.PrintIsxX
                0x00002bd6       0x2c CMakeFiles/MIMXRT1064.elf.dir/utilities/fsl_str.c.obj
 .text.PrintFilterLengthFlag
                0x00002c02       0x3e CMakeFiles/MIMXRT1064.elf.dir/utilities/fsl_str.c.obj
 .text.PrintGetRadixFromobpu
                0x00002c40       0x40 CMakeFiles/MIMXRT1064.elf.dir/utilities/fsl_str.c.obj
 .text.ConvertRadixNumToString
                0x00002c80       0xc2 CMakeFiles/MIMXRT1064.elf.dir/utilities/fsl_str.c.obj
 .text.StrFormatPrintf
                0x00002d42      0x2ac CMakeFiles/MIMXRT1064.elf.dir/utilities/fsl_str.c.obj
                0x00002d42                StrFormatPrintf
 *fill*         0x00002fee        0x2 
 .text.DbgConsole_SendDataReliable
                0x00002ff0       0x54 CMakeFiles/MIMXRT1064.elf.dir/utilities/fsl_debug_console.c.obj
                0x00002ff0                DbgConsole_SendDataReliable
 .text.DbgConsole_PrintCallback
                0x00003044       0x66 CMakeFiles/MIMXRT1064.elf.dir/utilities/fsl_debug_console.c.obj
 .text.DbgConsole_Printf
                0x000030aa       0x2c CMakeFiles/MIMXRT1064.elf.dir/utilities/fsl_debug_console.c.obj
                0x000030aa                DbgConsole_Printf
 *fill*         0x000030d6        0x2 
 .text.DbgConsole_Vprintf
                0x000030d8       0x6c CMakeFiles/MIMXRT1064.elf.dir/utilities/fsl_debug_console.c.obj
                0x000030d8                DbgConsole_Vprintf
 .text.exit     0x00003144       0x28 c:/program files (x86)/gnu arm embedded toolchain/10 2021.10/bin/../lib/gcc/arm-none-eabi/10.3.1/../../../../arm-none-eabi/lib/thumb/v7e-m+dp/hard\libc_nano.a(lib_a-exit.o)
                0x00003144                exit
 .text.__libc_init_array
                0x0000316c       0x48 c:/program files (x86)/gnu arm embedded toolchain/10 2021.10/bin/../lib/gcc/arm-none-eabi/10.3.1/../../../../arm-none-eabi/lib/thumb/v7e-m+dp/hard\libc_nano.a(lib_a-init.o)
                0x0000316c                __libc_init_array
 .text.memset   0x000031b4       0x10 c:/program files (x86)/gnu arm embedded toolchain/10 2021.10/bin/../lib/gcc/arm-none-eabi/10.3.1/../../../../arm-none-eabi/lib/thumb/v7e-m+dp/hard\libc_nano.a(lib_a-memset.o)
                0x000031b4                memset
 .text._exit    0x000031c4        0x4 c:/program files (x86)/gnu arm embedded toolchain/10 2021.10/bin/../lib/gcc/arm-none-eabi/10.3.1/../../../../arm-none-eabi/lib/thumb/v7e-m+dp/hard\libnosys.a(_exit.o)
                0x000031c4                _exit
 *(.rodata)
 .rodata        0x000031c8       0x67 CMakeFiles/MIMXRT1064.elf.dir/board/board.c.obj
 *fill*         0x0000322f        0x1 
 .rodata        0x00003230       0x5d CMakeFiles/MIMXRT1064.elf.dir/board/clock_config.c.obj
 *fill*         0x0000328d        0x3 
 .rodata        0x00003290       0x40 CMakeFiles/MIMXRT1064.elf.dir/board/pin_mux.c.obj
 .rodata        0x000032d0      0x104 CMakeFiles/MIMXRT1064.elf.dir/component/uart/fsl_adapter_lpuart.c.obj
 .rodata        0x000033d4       0x6a CMakeFiles/MIMXRT1064.elf.dir/drivers/fsl_clock.c.obj
 *fill*         0x0000343e        0x2 
 .rodata        0x00003440       0x9e CMakeFiles/MIMXRT1064.elf.dir/drivers/fsl_gpio.c.obj
 *fill*         0x000034de        0x2 
 .rodata        0x000034e0      0x22a CMakeFiles/MIMXRT1064.elf.dir/drivers/fsl_lpuart.c.obj
 *fill*         0x0000370a        0x2 
 .rodata        0x0000370c       0x3e CMakeFiles/MIMXRT1064.elf.dir/utilities/fsl_assert.c.obj
 *(.rodata*)
 *fill*         0x0000374a        0x2 
 .rodata.__func__.0
                0x0000374c       0x10 CMakeFiles/MIMXRT1064.elf.dir/board/board.c.obj
 .rodata.armPllConfig_BOARD_BootClockRUN
                0x0000375c        0x8 CMakeFiles/MIMXRT1064.elf.dir/board/clock_config.c.obj
                0x0000375c                armPllConfig_BOARD_BootClockRUN
 .rodata.sysPllConfig_BOARD_BootClockRUN
                0x00003764       0x14 CMakeFiles/MIMXRT1064.elf.dir/board/clock_config.c.obj
                0x00003764                sysPllConfig_BOARD_BootClockRUN
 .rodata.usb1PllConfig_BOARD_BootClockRUN
                0x00003778        0x2 CMakeFiles/MIMXRT1064.elf.dir/board/clock_config.c.obj
                0x00003778                usb1PllConfig_BOARD_BootClockRUN
 *fill*         0x0000377a        0x2 
 .rodata.__func__.2
                0x0000377c       0x12 CMakeFiles/MIMXRT1064.elf.dir/board/clock_config.c.obj
 *fill*         0x0000378e        0x2 
 .rodata.__func__.1
                0x00003790        0xd CMakeFiles/MIMXRT1064.elf.dir/board/clock_config.c.obj
 *fill*         0x0000379d        0x3 
 .rodata.__func__.0
                0x000037a0        0xd CMakeFiles/MIMXRT1064.elf.dir/board/clock_config.c.obj
 *fill*         0x000037ad        0x3 
 .rodata.__func__.0
                0x000037b0       0x12 CMakeFiles/MIMXRT1064.elf.dir/board/pin_mux.c.obj
 *fill*         0x000037c2        0x2 
 .rodata.s_LpuartAdapterBase
                0x000037c4       0x24 CMakeFiles/MIMXRT1064.elf.dir/component/uart/fsl_adapter_lpuart.c.obj
 .rodata.__func__.1
                0x000037e8       0x15 CMakeFiles/MIMXRT1064.elf.dir/component/uart/fsl_adapter_lpuart.c.obj
 *fill*         0x000037fd        0x3 
 .rodata.__func__.8
                0x00003800       0x16 CMakeFiles/MIMXRT1064.elf.dir/drivers/fsl_clock.c.obj
 *fill*         0x00003816        0x2 
 .rodata.s_gpioBases
                0x00003818       0x2c CMakeFiles/MIMXRT1064.elf.dir/drivers/fsl_gpio.c.obj
 .rodata.s_gpioClock
                0x00003844        0xc CMakeFiles/MIMXRT1064.elf.dir/drivers/fsl_gpio.c.obj
 .rodata.__func__.2
                0x00003850       0x11 CMakeFiles/MIMXRT1064.elf.dir/drivers/fsl_gpio.c.obj
 *fill*         0x00003861        0x3 
 .rodata.__func__.1
                0x00003864       0x12 CMakeFiles/MIMXRT1064.elf.dir/drivers/fsl_gpio.c.obj
 *fill*         0x00003876        0x2 
 .rodata.__func__.0
                0x00003878        0xe CMakeFiles/MIMXRT1064.elf.dir/drivers/fsl_gpio.c.obj
 *fill*         0x00003886        0x2 
 .rodata.__func__.11
                0x00003888       0x15 CMakeFiles/MIMXRT1064.elf.dir/drivers/fsl_lpuart.c.obj
 *fill*         0x0000389d        0x3 
 .rodata._global_impure_ptr
                0x000038a0        0x4 c:/program files (x86)/gnu arm embedded toolchain/10 2021.10/bin/../lib/gcc/arm-none-eabi/10.3.1/../../../../arm-none-eabi/lib/thumb/v7e-m+dp/hard\libc_nano.a(lib_a-impure.o)
                0x000038a0                _global_impure_ptr
 *(CodeQuickAccess)
 *(.glue_7)
 .glue_7        0x000038a4        0x0 linker stubs
 *(.glue_7t)
 .glue_7t       0x000038a4        0x0 linker stubs
 *(.eh_frame)
 .eh_frame      0x000038a4        0x0 c:/program files (x86)/gnu arm embedded toolchain/10 2021.10/bin/../lib/gcc/arm-none-eabi/10.3.1/thumb/v7e-m+dp/hard/crtbegin.o
 *(.init)
 .init          0x000038a4        0x4 c:/program files (x86)/gnu arm embedded toolchain/10 2021.10/bin/../lib/gcc/arm-none-eabi/10.3.1/thumb/v7e-m+dp/hard/crti.o
                0x000038a4                _init
 .init          0x000038a8        0x8 c:/program files (x86)/gnu arm embedded toolchain/10 2021.10/bin/../lib/gcc/arm-none-eabi/10.3.1/thumb/v7e-m+dp/hard/crtn.o
 *(.fini)
 .fini          0x000038b0        0x4 c:/program files (x86)/gnu arm embedded toolchain/10 2021.10/bin/../lib/gcc/arm-none-eabi/10.3.1/thumb/v7e-m+dp/hard/crti.o
                0x000038b0                _fini
 .fini          0x000038b4        0x8 c:/program files (x86)/gnu arm embedded toolchain/10 2021.10/bin/../lib/gcc/arm-none-eabi/10.3.1/thumb/v7e-m+dp/hard/crtn.o
                0x000038bc                . = ALIGN (0x4)

.vfp11_veneer   0x000038bc        0x0
 .vfp11_veneer  0x000038bc        0x0 linker stubs

.v4_bx          0x000038bc        0x0
 .v4_bx         0x000038bc        0x0 linker stubs

.iplt           0x000038bc        0x0
 .iplt          0x000038bc        0x0 c:/program files (x86)/gnu arm embedded toolchain/10 2021.10/bin/../lib/gcc/arm-none-eabi/10.3.1/thumb/v7e-m+dp/hard/crtbegin.o

.ARM.extab
 *(.ARM.extab* .gnu.linkonce.armextab.*)

.ARM            0x000038bc        0x8
                0x000038bc                __exidx_start = .
 *(.ARM.exidx*)
 .ARM.exidx     0x000038bc        0x8 c:/program files (x86)/gnu arm embedded toolchain/10 2021.10/bin/../lib/gcc/arm-none-eabi/10.3.1/../../../../arm-none-eabi/lib/thumb/v7e-m+dp/hard/crt0.o
                                 0x10 (size before relaxing)
 .ARM.exidx     0x000038c4        0x0 c:/program files (x86)/gnu arm embedded toolchain/10 2021.10/bin/../lib/gcc/arm-none-eabi/10.3.1/thumb/v7e-m+dp/hard\libgcc.a(_udivmoddi4.o)
                                  0x8 (size before relaxing)
                0x000038c4                __exidx_end = .

.rel.dyn        0x000038c4        0x0
 .rel.iplt      0x000038c4        0x0 c:/program files (x86)/gnu arm embedded toolchain/10 2021.10/bin/../lib/gcc/arm-none-eabi/10.3.1/thumb/v7e-m+dp/hard/crtbegin.o

.ctors          0x000038c4        0x0
                0x000038c4                __CTOR_LIST__ = .
 *crtbegin.o(.ctors)
 *crtbegin?.o(.ctors)
 *(EXCLUDE_FILE(*crtend.o *crtend?.o) .ctors)
 *(SORT_BY_NAME(.ctors.*))
 *(.ctors)
                0x000038c4                __CTOR_END__ = .

.dtors          0x000038c4        0x0
                0x000038c4                __DTOR_LIST__ = .
 *crtbegin.o(.dtors)
 *crtbegin?.o(.dtors)
 *(EXCLUDE_FILE(*crtend.o *crtend?.o) .dtors)
 *(SORT_BY_NAME(.dtors.*))
 *(.dtors)
                0x000038c4                __DTOR_END__ = .

.preinit_array  0x000038c4        0x0
                0x000038c4                PROVIDE (__preinit_array_start = .)
 *(.preinit_array*)
                0x000038c4                PROVIDE (__preinit_array_end = .)

.init_array     0x000038c4        0x4
                0x000038c4                PROVIDE (__init_array_start = .)
 *(SORT_BY_NAME(.init_array.*))
 *(.init_array*)
 .init_array    0x000038c4        0x4 c:/program files (x86)/gnu arm embedded toolchain/10 2021.10/bin/../lib/gcc/arm-none-eabi/10.3.1/thumb/v7e-m+dp/hard/crtbegin.o
                0x000038c8                PROVIDE (__init_array_end = .)

.fini_array     0x000038c8        0x4
                [!provide]                PROVIDE (__fini_array_start = .)
 *(SORT_BY_NAME(.fini_array.*))
 *(.fini_array*)
 .fini_array    0x000038c8        0x4 c:/program files (x86)/gnu arm embedded toolchain/10 2021.10/bin/../lib/gcc/arm-none-eabi/10.3.1/thumb/v7e-m+dp/hard/crtbegin.o
                [!provide]                PROVIDE (__fini_array_end = .)
                0x000038cc                __etext = .
                0x000038cc                __DATA_ROM = .
                0x00000000                __VECTOR_RAM = ORIGIN (m_interrupts)
                0x00000000                __RAM_VECTOR_TABLE_SIZE_BYTES = 0x0

.data           0x20000000       0x64 load address 0x000038cc
                0x20000000                . = ALIGN (0x4)
                0x20000000                __DATA_RAM = .
                0x20000000                __data_start__ = .
 *(m_usb_dma_init_data)
 *(.data)
 *(.data*)
 .data.SystemCoreClock
                0x20000000        0x4 CMakeFiles/MIMXRT1064.elf.dir/device/system_MIMXRT1064.c.obj
                0x20000000                SystemCoreClock
 .data.impure_data
                0x20000004       0x60 c:/program files (x86)/gnu arm embedded toolchain/10 2021.10/bin/../lib/gcc/arm-none-eabi/10.3.1/../../../../arm-none-eabi/lib/thumb/v7e-m+dp/hard\libc_nano.a(lib_a-impure.o)
 *(DataQuickAccess)
 *(.jcr*)
                0x20000064                . = ALIGN (0x4)
                0x20000064                __data_end__ = .
                0x00003930                __NDATA_ROM = (__DATA_ROM + (__data_end__ - __data_start__))

.igot.plt       0x20000064        0x0 load address 0x00003930
 .igot.plt      0x20000064        0x0 c:/program files (x86)/gnu arm embedded toolchain/10 2021.10/bin/../lib/gcc/arm-none-eabi/10.3.1/thumb/v7e-m+dp/hard/crtbegin.o

.ncache.init    0x20000064        0x0 load address 0x00003930
                0x20000064                __noncachedata_start__ = .
 *(NonCacheable.init)
                0x20000064                . = ALIGN (0x4)
                0x20000064                __noncachedata_init_end__ = .
                0x20000064                . = __noncachedata_init_end__

.ncache         0x20000064        0x0
 *(NonCacheable)
                0x20000064                . = ALIGN (0x4)
                0x20000064                __noncachedata_end__ = .
                0x00003930                __DATA_END = (__NDATA_ROM + (__noncachedata_init_end__ - __noncachedata_start__))
                0x00020000                text_end = (ORIGIN (m_text) + LENGTH (m_text))
                0x00000001                ASSERT ((__DATA_END <= text_end), region m_text overflowed with text and data)

.bss            0x20000064       0x98 load address 0x00003930
                0x20000064                . = ALIGN (0x4)
                0x20000064                __START_BSS = .
                0x20000064                __bss_start__ = .
 *(m_usb_dma_noninit_data)
 *(.bss)
 .bss           0x20000064       0x1c c:/program files (x86)/gnu arm embedded toolchain/10 2021.10/bin/../lib/gcc/arm-none-eabi/10.3.1/thumb/v7e-m+dp/hard/crtbegin.o
 *(.bss*)
 .bss.g_systickCounter
                0x20000080        0x4 CMakeFiles/MIMXRT1064.elf.dir/source/led_blinky.c.obj
                0x20000080                g_systickCounter
 .bss.g_pinSet  0x20000084        0x1 CMakeFiles/MIMXRT1064.elf.dir/source/led_blinky.c.obj
                0x20000084                g_pinSet
 *fill*         0x20000085        0x3 
 .bss.g_xtalFreq
                0x20000088        0x4 CMakeFiles/MIMXRT1064.elf.dir/drivers/fsl_clock.c.obj
                0x20000088                g_xtalFreq
 .bss.g_rtcXtalFreq
                0x2000008c        0x4 CMakeFiles/MIMXRT1064.elf.dir/drivers/fsl_clock.c.obj
                0x2000008c                g_rtcXtalFreq
 .bss.s_lpuartHandle
                0x20000090       0x24 CMakeFiles/MIMXRT1064.elf.dir/drivers/fsl_lpuart.c.obj
                0x20000090                s_lpuartHandle
 .bss.s_lpuartIsr
                0x200000b4       0x24 CMakeFiles/MIMXRT1064.elf.dir/drivers/fsl_lpuart.c.obj
                0x200000b4                s_lpuartIsr
 .bss.s_debugConsoleState
                0x200000d8       0x20 CMakeFiles/MIMXRT1064.elf.dir/utilities/fsl_debug_console.c.obj
 .bss.g_serialHandle
                0x200000f8        0x4 CMakeFiles/MIMXRT1064.elf.dir/utilities/fsl_debug_console.c.obj
                0x200000f8                g_serialHandle
 *(COMMON)
                0x200000fc                . = ALIGN (0x4)
                0x200000fc                __bss_end__ = .
                0x200000fc                __END_BSS = .

.heap           0x200000fc      0x404 load address 0x000039c8
                0x20000100                . = ALIGN (0x8)
 *fill*         0x200000fc        0x4 
                0x20000100                __end__ = .
                0x20000100                PROVIDE (end = .)
                0x20000100                __HeapBase = .
                0x20000500                . = (. + HEAP_SIZE)
 *fill*         0x20000100      0x400 
                0x20000500                __HeapLimit = .
                0x20000500                __heap_limit = .

.stack          0x20000500      0x400 load address 0x00003dcc
                0x20000500                . = ALIGN (0x8)
                0x20000900                . = (. + STACK_SIZE)
 *fill*         0x20000500      0x400 
                0x20020000                __StackTop = (ORIGIN (m_data) + LENGTH (m_data))
                0x2001fc00                __StackLimit = (__StackTop - STACK_SIZE)
                0x20020000                PROVIDE (__stack = __StackTop)

.ARM.attributes
                0x00000000       0x2e
 *(.ARM.attributes)
 .ARM.attributes
                0x00000000       0x1e c:/program files (x86)/gnu arm embedded toolchain/10 2021.10/bin/../lib/gcc/arm-none-eabi/10.3.1/thumb/v7e-m+dp/hard/crti.o
 .ARM.attributes
                0x0000001e       0x32 c:/program files (x86)/gnu arm embedded toolchain/10 2021.10/bin/../lib/gcc/arm-none-eabi/10.3.1/thumb/v7e-m+dp/hard/crtbegin.o
 .ARM.attributes
                0x00000050       0x1c c:/program files (x86)/gnu arm embedded toolchain/10 2021.10/bin/../lib/gcc/arm-none-eabi/10.3.1/../../../../arm-none-eabi/lib/thumb/v7e-m+dp/hard/crt0.o
 .ARM.attributes
                0x0000006c       0x32 CMakeFiles/MIMXRT1064.elf.dir/board/board.c.obj
 .ARM.attributes
                0x0000009e       0x32 CMakeFiles/MIMXRT1064.elf.dir/board/clock_config.c.obj
 .ARM.attributes
                0x000000d0       0x32 CMakeFiles/MIMXRT1064.elf.dir/board/pin_mux.c.obj
 .ARM.attributes
                0x00000102       0x32 CMakeFiles/MIMXRT1064.elf.dir/source/led_blinky.c.obj
 .ARM.attributes
                0x00000134       0x32 CMakeFiles/MIMXRT1064.elf.dir/component/uart/fsl_adapter_lpuart.c.obj
 .ARM.attributes
                0x00000166       0x32 CMakeFiles/MIMXRT1064.elf.dir/component/serial_manager/fsl_component_serial_manager.c.obj
 .ARM.attributes
                0x00000198       0x32 CMakeFiles/MIMXRT1064.elf.dir/component/serial_manager/fsl_component_serial_port_uart.c.obj
 .ARM.attributes
                0x000001ca       0x1d CMakeFiles/MIMXRT1064.elf.dir/startup/startup_MIMXRT1064.S.obj
 .ARM.attributes
                0x000001e7       0x32 CMakeFiles/MIMXRT1064.elf.dir/device/system_MIMXRT1064.c.obj
 .ARM.attributes
                0x00000219       0x32 CMakeFiles/MIMXRT1064.elf.dir/drivers/fsl_clock.c.obj
 .ARM.attributes
                0x0000024b       0x32 CMakeFiles/MIMXRT1064.elf.dir/drivers/fsl_gpio.c.obj
 .ARM.attributes
                0x0000027d       0x32 CMakeFiles/MIMXRT1064.elf.dir/drivers/fsl_lpuart.c.obj
 .ARM.attributes
                0x000002af       0x1e CMakeFiles/MIMXRT1064.elf.dir/utilities/fsl_memcpy.S.obj
 .ARM.attributes
                0x000002cd       0x32 CMakeFiles/MIMXRT1064.elf.dir/utilities/fsl_assert.c.obj
 .ARM.attributes
                0x000002ff       0x32 CMakeFiles/MIMXRT1064.elf.dir/utilities/fsl_str.c.obj
 .ARM.attributes
                0x00000331       0x32 CMakeFiles/MIMXRT1064.elf.dir/utilities/fsl_debug_console.c.obj
 .ARM.attributes
                0x00000363       0x32 c:/program files (x86)/gnu arm embedded toolchain/10 2021.10/bin/../lib/gcc/arm-none-eabi/10.3.1/../../../../arm-none-eabi/lib/thumb/v7e-m+dp/hard\libc_nano.a(lib_a-exit.o)
 .ARM.attributes
                0x00000395       0x32 c:/program files (x86)/gnu arm embedded toolchain/10 2021.10/bin/../lib/gcc/arm-none-eabi/10.3.1/../../../../arm-none-eabi/lib/thumb/v7e-m+dp/hard\libc_nano.a(lib_a-impure.o)
 .ARM.attributes
                0x000003c7       0x32 c:/program files (x86)/gnu arm embedded toolchain/10 2021.10/bin/../lib/gcc/arm-none-eabi/10.3.1/../../../../arm-none-eabi/lib/thumb/v7e-m+dp/hard\libc_nano.a(lib_a-init.o)
 .ARM.attributes
                0x000003f9       0x32 c:/program files (x86)/gnu arm embedded toolchain/10 2021.10/bin/../lib/gcc/arm-none-eabi/10.3.1/../../../../arm-none-eabi/lib/thumb/v7e-m+dp/hard\libc_nano.a(lib_a-memset.o)
 .ARM.attributes
                0x0000042b       0x17 c:/program files (x86)/gnu arm embedded toolchain/10 2021.10/bin/../lib/gcc/arm-none-eabi/10.3.1/../../../../arm-none-eabi/lib/thumb/v7e-m+dp/hard\libc_nano.a(lib_a-strlen.o)
 .ARM.attributes
                0x00000442       0x1e c:/program files (x86)/gnu arm embedded toolchain/10 2021.10/bin/../lib/gcc/arm-none-eabi/10.3.1/thumb/v7e-m+dp/hard\libgcc.a(_aeabi_uldivmod.o)
 .ARM.attributes
                0x00000460       0x32 c:/program files (x86)/gnu arm embedded toolchain/10 2021.10/bin/../lib/gcc/arm-none-eabi/10.3.1/thumb/v7e-m+dp/hard\libgcc.a(_udivmoddi4.o)
 .ARM.attributes
                0x00000492       0x1e c:/program files (x86)/gnu arm embedded toolchain/10 2021.10/bin/../lib/gcc/arm-none-eabi/10.3.1/thumb/v7e-m+dp/hard\libgcc.a(_dvmd_tls.o)
 .ARM.attributes
                0x000004b0       0x32 c:/program files (x86)/gnu arm embedded toolchain/10 2021.10/bin/../lib/gcc/arm-none-eabi/10.3.1/../../../../arm-none-eabi/lib/thumb/v7e-m+dp/hard\libnosys.a(_exit.o)
 .ARM.attributes
                0x000004e2       0x1e c:/program files (x86)/gnu arm embedded toolchain/10 2021.10/bin/../lib/gcc/arm-none-eabi/10.3.1/thumb/v7e-m+dp/hard/crtn.o
                0x00000001                ASSERT ((__StackLimit >= __HeapLimit), region m_data overflowed with stack and heap)
OUTPUT(debug/MIMXRT1064.elf elf32-littlearm)
LOAD linker stubs

.debug_info     0x00000000     0xe693
 .debug_info    0x00000000      0xffe CMakeFiles/MIMXRT1064.elf.dir/board/board.c.obj
 .debug_info    0x00000ffe     0x1a65 CMakeFiles/MIMXRT1064.elf.dir/board/clock_config.c.obj
 .debug_info    0x00002a63      0xca4 CMakeFiles/MIMXRT1064.elf.dir/board/pin_mux.c.obj
 .debug_info    0x00003707      0xe71 CMakeFiles/MIMXRT1064.elf.dir/source/led_blinky.c.obj
 .debug_info    0x00004578      0xbdc CMakeFiles/MIMXRT1064.elf.dir/component/uart/fsl_adapter_lpuart.c.obj
 .debug_info    0x00005154      0xccd CMakeFiles/MIMXRT1064.elf.dir/component/serial_manager/fsl_component_serial_manager.c.obj
 .debug_info    0x00005e21      0x48f CMakeFiles/MIMXRT1064.elf.dir/component/serial_manager/fsl_component_serial_port_uart.c.obj
 .debug_info    0x000062b0       0x26 CMakeFiles/MIMXRT1064.elf.dir/startup/startup_MIMXRT1064.S.obj
 .debug_info    0x000062d6      0xc38 CMakeFiles/MIMXRT1064.elf.dir/device/system_MIMXRT1064.c.obj
 .debug_info    0x00006f0e     0x25a6 CMakeFiles/MIMXRT1064.elf.dir/drivers/fsl_clock.c.obj
 .debug_info    0x000094b4      0xe84 CMakeFiles/MIMXRT1064.elf.dir/drivers/fsl_gpio.c.obj
 .debug_info    0x0000a338     0x2ae5 CMakeFiles/MIMXRT1064.elf.dir/drivers/fsl_lpuart.c.obj
 .debug_info    0x0000ce1d       0x26 CMakeFiles/MIMXRT1064.elf.dir/utilities/fsl_memcpy.S.obj
 .debug_info    0x0000ce43       0xd4 CMakeFiles/MIMXRT1064.elf.dir/utilities/fsl_assert.c.obj
 .debug_info    0x0000cf17      0xafa CMakeFiles/MIMXRT1064.elf.dir/utilities/fsl_str.c.obj
 .debug_info    0x0000da11      0xc82 CMakeFiles/MIMXRT1064.elf.dir/utilities/fsl_debug_console.c.obj

.debug_abbrev   0x00000000     0x1fea
 .debug_abbrev  0x00000000      0x2a5 CMakeFiles/MIMXRT1064.elf.dir/board/board.c.obj
 .debug_abbrev  0x000002a5      0x2bf CMakeFiles/MIMXRT1064.elf.dir/board/clock_config.c.obj
 .debug_abbrev  0x00000564      0x26b CMakeFiles/MIMXRT1064.elf.dir/board/pin_mux.c.obj
 .debug_abbrev  0x000007cf      0x1c8 CMakeFiles/MIMXRT1064.elf.dir/source/led_blinky.c.obj
 .debug_abbrev  0x00000997      0x1a6 CMakeFiles/MIMXRT1064.elf.dir/component/uart/fsl_adapter_lpuart.c.obj
 .debug_abbrev  0x00000b3d      0x2a1 CMakeFiles/MIMXRT1064.elf.dir/component/serial_manager/fsl_component_serial_manager.c.obj
 .debug_abbrev  0x00000dde      0x164 CMakeFiles/MIMXRT1064.elf.dir/component/serial_manager/fsl_component_serial_port_uart.c.obj
 .debug_abbrev  0x00000f42       0x14 CMakeFiles/MIMXRT1064.elf.dir/startup/startup_MIMXRT1064.S.obj
 .debug_abbrev  0x00000f56      0x166 CMakeFiles/MIMXRT1064.elf.dir/device/system_MIMXRT1064.c.obj
 .debug_abbrev  0x000010bc      0x345 CMakeFiles/MIMXRT1064.elf.dir/drivers/fsl_clock.c.obj
 .debug_abbrev  0x00001401      0x2ab CMakeFiles/MIMXRT1064.elf.dir/drivers/fsl_gpio.c.obj
 .debug_abbrev  0x000016ac      0x463 CMakeFiles/MIMXRT1064.elf.dir/drivers/fsl_lpuart.c.obj
 .debug_abbrev  0x00001b0f       0x14 CMakeFiles/MIMXRT1064.elf.dir/utilities/fsl_memcpy.S.obj
 .debug_abbrev  0x00001b23       0x68 CMakeFiles/MIMXRT1064.elf.dir/utilities/fsl_assert.c.obj
 .debug_abbrev  0x00001b8b      0x230 CMakeFiles/MIMXRT1064.elf.dir/utilities/fsl_str.c.obj
 .debug_abbrev  0x00001dbb      0x22f CMakeFiles/MIMXRT1064.elf.dir/utilities/fsl_debug_console.c.obj

.debug_aranges  0x00000000      0x840
 .debug_aranges
                0x00000000       0x58 CMakeFiles/MIMXRT1064.elf.dir/board/board.c.obj
 .debug_aranges
                0x00000058       0x78 CMakeFiles/MIMXRT1064.elf.dir/board/clock_config.c.obj
 .debug_aranges
                0x000000d0       0x50 CMakeFiles/MIMXRT1064.elf.dir/board/pin_mux.c.obj
 .debug_aranges
                0x00000120       0x40 CMakeFiles/MIMXRT1064.elf.dir/source/led_blinky.c.obj
 .debug_aranges
                0x00000160       0x58 CMakeFiles/MIMXRT1064.elf.dir/component/uart/fsl_adapter_lpuart.c.obj
 .debug_aranges
                0x000001b8       0xa0 CMakeFiles/MIMXRT1064.elf.dir/component/serial_manager/fsl_component_serial_manager.c.obj
 .debug_aranges
                0x00000258       0x48 CMakeFiles/MIMXRT1064.elf.dir/component/serial_manager/fsl_component_serial_port_uart.c.obj
 .debug_aranges
                0x000002a0       0x20 CMakeFiles/MIMXRT1064.elf.dir/startup/startup_MIMXRT1064.S.obj
 .debug_aranges
                0x000002c0       0x30 CMakeFiles/MIMXRT1064.elf.dir/device/system_MIMXRT1064.c.obj
 .debug_aranges
                0x000002f0      0x1b0 CMakeFiles/MIMXRT1064.elf.dir/drivers/fsl_clock.c.obj
 .debug_aranges
                0x000004a0       0x58 CMakeFiles/MIMXRT1064.elf.dir/drivers/fsl_gpio.c.obj
 .debug_aranges
                0x000004f8      0x1a8 CMakeFiles/MIMXRT1064.elf.dir/drivers/fsl_lpuart.c.obj
 .debug_aranges
                0x000006a0       0x20 CMakeFiles/MIMXRT1064.elf.dir/utilities/fsl_memcpy.S.obj
 .debug_aranges
                0x000006c0       0x20 CMakeFiles/MIMXRT1064.elf.dir/utilities/fsl_assert.c.obj
 .debug_aranges
                0x000006e0       0xb8 CMakeFiles/MIMXRT1064.elf.dir/utilities/fsl_str.c.obj
 .debug_aranges
                0x00000798       0xa8 CMakeFiles/MIMXRT1064.elf.dir/utilities/fsl_debug_console.c.obj

.debug_ranges   0x00000000      0x750
 .debug_ranges  0x00000000       0x48 CMakeFiles/MIMXRT1064.elf.dir/board/board.c.obj
 .debug_ranges  0x00000048       0x68 CMakeFiles/MIMXRT1064.elf.dir/board/clock_config.c.obj
 .debug_ranges  0x000000b0       0x40 CMakeFiles/MIMXRT1064.elf.dir/board/pin_mux.c.obj
 .debug_ranges  0x000000f0       0x30 CMakeFiles/MIMXRT1064.elf.dir/source/led_blinky.c.obj
 .debug_ranges  0x00000120       0x48 CMakeFiles/MIMXRT1064.elf.dir/component/uart/fsl_adapter_lpuart.c.obj
 .debug_ranges  0x00000168       0x90 CMakeFiles/MIMXRT1064.elf.dir/component/serial_manager/fsl_component_serial_manager.c.obj
 .debug_ranges  0x000001f8       0x38 CMakeFiles/MIMXRT1064.elf.dir/component/serial_manager/fsl_component_serial_port_uart.c.obj
 .debug_ranges  0x00000230       0x20 CMakeFiles/MIMXRT1064.elf.dir/device/system_MIMXRT1064.c.obj
 .debug_ranges  0x00000250      0x1a0 CMakeFiles/MIMXRT1064.elf.dir/drivers/fsl_clock.c.obj
 .debug_ranges  0x000003f0       0x48 CMakeFiles/MIMXRT1064.elf.dir/drivers/fsl_gpio.c.obj
 .debug_ranges  0x00000438      0x198 CMakeFiles/MIMXRT1064.elf.dir/drivers/fsl_lpuart.c.obj
 .debug_ranges  0x000005d0       0x10 CMakeFiles/MIMXRT1064.elf.dir/utilities/fsl_assert.c.obj
 .debug_ranges  0x000005e0       0xd8 CMakeFiles/MIMXRT1064.elf.dir/utilities/fsl_str.c.obj
 .debug_ranges  0x000006b8       0x98 CMakeFiles/MIMXRT1064.elf.dir/utilities/fsl_debug_console.c.obj

.debug_line     0x00000000     0x56a2
 .debug_line    0x00000000      0x5f7 CMakeFiles/MIMXRT1064.elf.dir/board/board.c.obj
 .debug_line    0x000005f7      0x5c6 CMakeFiles/MIMXRT1064.elf.dir/board/clock_config.c.obj
 .debug_line    0x00000bbd      0x2c2 CMakeFiles/MIMXRT1064.elf.dir/board/pin_mux.c.obj
 .debug_line    0x00000e7f      0x26e CMakeFiles/MIMXRT1064.elf.dir/source/led_blinky.c.obj
 .debug_line    0x000010ed      0x336 CMakeFiles/MIMXRT1064.elf.dir/component/uart/fsl_adapter_lpuart.c.obj
 .debug_line    0x00001423      0x503 CMakeFiles/MIMXRT1064.elf.dir/component/serial_manager/fsl_component_serial_manager.c.obj
 .debug_line    0x00001926      0x270 CMakeFiles/MIMXRT1064.elf.dir/component/serial_manager/fsl_component_serial_port_uart.c.obj
 .debug_line    0x00001b96      0x1d3 CMakeFiles/MIMXRT1064.elf.dir/startup/startup_MIMXRT1064.S.obj
 .debug_line    0x00001d69      0x3ad CMakeFiles/MIMXRT1064.elf.dir/device/system_MIMXRT1064.c.obj
 .debug_line    0x00002116      0xf8f CMakeFiles/MIMXRT1064.elf.dir/drivers/fsl_clock.c.obj
 .debug_line    0x000030a5      0x38f CMakeFiles/MIMXRT1064.elf.dir/drivers/fsl_gpio.c.obj
 .debug_line    0x00003434     0x12fd CMakeFiles/MIMXRT1064.elf.dir/drivers/fsl_lpuart.c.obj
 .debug_line    0x00004731       0xa1 CMakeFiles/MIMXRT1064.elf.dir/utilities/fsl_memcpy.S.obj
 .debug_line    0x000047d2       0xcd CMakeFiles/MIMXRT1064.elf.dir/utilities/fsl_assert.c.obj
 .debug_line    0x0000489f      0x856 CMakeFiles/MIMXRT1064.elf.dir/utilities/fsl_str.c.obj
 .debug_line    0x000050f5      0x5ad CMakeFiles/MIMXRT1064.elf.dir/utilities/fsl_debug_console.c.obj

.debug_str      0x00000000     0x6904
 .debug_str     0x00000000      0xbc4 CMakeFiles/MIMXRT1064.elf.dir/board/board.c.obj
                                0xc0a (size before relaxing)
 .debug_str     0x00000bc4     0x18b3 CMakeFiles/MIMXRT1064.elf.dir/board/clock_config.c.obj
                               0x20fd (size before relaxing)
 .debug_str     0x00002477      0x259 CMakeFiles/MIMXRT1064.elf.dir/board/pin_mux.c.obj
                                0xd31 (size before relaxing)
 .debug_str     0x000026d0      0xa5b CMakeFiles/MIMXRT1064.elf.dir/source/led_blinky.c.obj
                               0x174c (size before relaxing)
 .debug_str     0x0000312b      0x81d CMakeFiles/MIMXRT1064.elf.dir/component/uart/fsl_adapter_lpuart.c.obj
                               0x1398 (size before relaxing)
 .debug_str     0x00003948      0x68b CMakeFiles/MIMXRT1064.elf.dir/component/serial_manager/fsl_component_serial_manager.c.obj
                               0x1396 (size before relaxing)
 .debug_str     0x00003fd3      0x12c CMakeFiles/MIMXRT1064.elf.dir/component/serial_manager/fsl_component_serial_port_uart.c.obj
                                0x6b0 (size before relaxing)
 .debug_str     0x000040ff       0x47 CMakeFiles/MIMXRT1064.elf.dir/startup/startup_MIMXRT1064.S.obj
                                 0x63 (size before relaxing)
 .debug_str     0x00004146       0xad CMakeFiles/MIMXRT1064.elf.dir/device/system_MIMXRT1064.c.obj
                                0x785 (size before relaxing)
 .debug_str     0x000041f3     0x10d7 CMakeFiles/MIMXRT1064.elf.dir/drivers/fsl_clock.c.obj
                               0x2702 (size before relaxing)
 .debug_str     0x000052ca       0xca CMakeFiles/MIMXRT1064.elf.dir/drivers/fsl_gpio.c.obj
                               0x15f3 (size before relaxing)
 .debug_str     0x00005394      0xd45 CMakeFiles/MIMXRT1064.elf.dir/drivers/fsl_lpuart.c.obj
                               0x30b9 (size before relaxing)
 .debug_str     0x000060d9       0x33 CMakeFiles/MIMXRT1064.elf.dir/utilities/fsl_memcpy.S.obj
                                 0x5d (size before relaxing)
 .debug_str     0x0000610c       0x56 CMakeFiles/MIMXRT1064.elf.dir/utilities/fsl_assert.c.obj
                                0x1e9 (size before relaxing)
 .debug_str     0x00006162      0x362 CMakeFiles/MIMXRT1064.elf.dir/utilities/fsl_str.c.obj
                                0x544 (size before relaxing)
 .debug_str     0x000064c4      0x440 CMakeFiles/MIMXRT1064.elf.dir/utilities/fsl_debug_console.c.obj
                               0x1403 (size before relaxing)

.comment        0x00000000       0x49
 .comment       0x00000000       0x49 CMakeFiles/MIMXRT1064.elf.dir/board/board.c.obj
                                 0x4a (size before relaxing)
 .comment       0x00000049       0x4a CMakeFiles/MIMXRT1064.elf.dir/board/clock_config.c.obj
 .comment       0x00000049       0x4a CMakeFiles/MIMXRT1064.elf.dir/board/pin_mux.c.obj
 .comment       0x00000049       0x4a CMakeFiles/MIMXRT1064.elf.dir/source/led_blinky.c.obj
 .comment       0x00000049       0x4a CMakeFiles/MIMXRT1064.elf.dir/component/uart/fsl_adapter_lpuart.c.obj
 .comment       0x00000049       0x4a CMakeFiles/MIMXRT1064.elf.dir/component/serial_manager/fsl_component_serial_manager.c.obj
 .comment       0x00000049       0x4a CMakeFiles/MIMXRT1064.elf.dir/component/serial_manager/fsl_component_serial_port_uart.c.obj
 .comment       0x00000049       0x4a CMakeFiles/MIMXRT1064.elf.dir/device/system_MIMXRT1064.c.obj
 .comment       0x00000049       0x4a CMakeFiles/MIMXRT1064.elf.dir/drivers/fsl_clock.c.obj
 .comment       0x00000049       0x4a CMakeFiles/MIMXRT1064.elf.dir/drivers/fsl_gpio.c.obj
 .comment       0x00000049       0x4a CMakeFiles/MIMXRT1064.elf.dir/drivers/fsl_lpuart.c.obj
 .comment       0x00000049       0x4a CMakeFiles/MIMXRT1064.elf.dir/utilities/fsl_assert.c.obj
 .comment       0x00000049       0x4a CMakeFiles/MIMXRT1064.elf.dir/utilities/fsl_str.c.obj
 .comment       0x00000049       0x4a CMakeFiles/MIMXRT1064.elf.dir/utilities/fsl_debug_console.c.obj

.debug_frame    0x00000000     0x20bc
 .debug_frame   0x00000000      0x13c CMakeFiles/MIMXRT1064.elf.dir/board/board.c.obj
 .debug_frame   0x0000013c      0x1d4 CMakeFiles/MIMXRT1064.elf.dir/board/clock_config.c.obj
 .debug_frame   0x00000310      0x114 CMakeFiles/MIMXRT1064.elf.dir/board/pin_mux.c.obj
 .debug_frame   0x00000424       0xc0 CMakeFiles/MIMXRT1064.elf.dir/source/led_blinky.c.obj
 .debug_frame   0x000004e4      0x138 CMakeFiles/MIMXRT1064.elf.dir/component/uart/fsl_adapter_lpuart.c.obj
 .debug_frame   0x0000061c      0x280 CMakeFiles/MIMXRT1064.elf.dir/component/serial_manager/fsl_component_serial_manager.c.obj
 .debug_frame   0x0000089c       0xe8 CMakeFiles/MIMXRT1064.elf.dir/component/serial_manager/fsl_component_serial_port_uart.c.obj
 .debug_frame   0x00000984       0x7c CMakeFiles/MIMXRT1064.elf.dir/device/system_MIMXRT1064.c.obj
 .debug_frame   0x00000a00      0x748 CMakeFiles/MIMXRT1064.elf.dir/drivers/fsl_clock.c.obj
 .debug_frame   0x00001148      0x138 CMakeFiles/MIMXRT1064.elf.dir/drivers/fsl_gpio.c.obj
 .debug_frame   0x00001280      0x718 CMakeFiles/MIMXRT1064.elf.dir/drivers/fsl_lpuart.c.obj
 .debug_frame   0x00001998       0x30 CMakeFiles/MIMXRT1064.elf.dir/utilities/fsl_assert.c.obj
 .debug_frame   0x000019c8      0x32c CMakeFiles/MIMXRT1064.elf.dir/utilities/fsl_str.c.obj
 .debug_frame   0x00001cf4      0x2d4 CMakeFiles/MIMXRT1064.elf.dir/utilities/fsl_debug_console.c.obj
 .debug_frame   0x00001fc8       0x28 c:/program files (x86)/gnu arm embedded toolchain/10 2021.10/bin/../lib/gcc/arm-none-eabi/10.3.1/../../../../arm-none-eabi/lib/thumb/v7e-m+dp/hard\libc_nano.a(lib_a-exit.o)
 .debug_frame   0x00001ff0       0x2c c:/program files (x86)/gnu arm embedded toolchain/10 2021.10/bin/../lib/gcc/arm-none-eabi/10.3.1/../../../../arm-none-eabi/lib/thumb/v7e-m+dp/hard\libc_nano.a(lib_a-init.o)
 .debug_frame   0x0000201c       0x20 c:/program files (x86)/gnu arm embedded toolchain/10 2021.10/bin/../lib/gcc/arm-none-eabi/10.3.1/../../../../arm-none-eabi/lib/thumb/v7e-m+dp/hard\libc_nano.a(lib_a-memset.o)
 .debug_frame   0x0000203c       0x2c c:/program files (x86)/gnu arm embedded toolchain/10 2021.10/bin/../lib/gcc/arm-none-eabi/10.3.1/thumb/v7e-m+dp/hard\libgcc.a(_aeabi_uldivmod.o)
 .debug_frame   0x00002068       0x34 c:/program files (x86)/gnu arm embedded toolchain/10 2021.10/bin/../lib/gcc/arm-none-eabi/10.3.1/thumb/v7e-m+dp/hard\libgcc.a(_udivmoddi4.o)
 .debug_frame   0x0000209c       0x20 c:/program files (x86)/gnu arm embedded toolchain/10 2021.10/bin/../lib/gcc/arm-none-eabi/10.3.1/../../../../arm-none-eabi/lib/thumb/v7e-m+dp/hard\libnosys.a(_exit.o)
